This file contains any messages produced by compilers while
running configure, to aid debugging if configure makes a mistake.

It was created by configure, which was
generated by GNU Autoconf 2.71.  Invocation command line was

  $ ./configure --with-sqlite --with-dbname=mumps --with-slice=0 --with-hardware-math=yes --with-float-digits=8 --with-int-32 --with-journal-mode=OFF --with-data-size=512 --with-index-size=256 --with-index-max=14 --with-alarm=0

## --------- ##
## Platform. ##
## --------- ##

hostname = mint22
uname -m = x86_64
uname -r = 6.8.0-100-generic
uname -s = Linux
uname -v = #100-Ubuntu SMP PREEMPT_DYNAMIC Tue Jan 13 16:40:06 UTC 2026

/usr/bin/uname -p = x86_64
/bin/uname -X     = unknown

/bin/arch              = x86_64
/usr/bin/arch -k       = unknown
/usr/convex/getsysinfo = unknown
/usr/bin/hostinfo      = unknown
/bin/machine           = unknown
/usr/bin/oslevel       = unknown
/bin/universe          = unknown

PATH: /usr/local/sbin/
PATH: /usr/local/bin/
PATH: /usr/sbin/
PATH: /usr/bin/
PATH: /sbin/
PATH: /bin/
PATH: /usr/games/
PATH: /usr/local/games/
PATH: /snap/bin/
PATH: ./


## ----------- ##
## Core tests. ##
## ----------- ##

configure:2757: checking for gcc
configure:2778: found /usr/bin/gcc
configure:2789: result: gcc
configure:3142: checking for C compiler version
configure:3151: gcc --version >&5
gcc (Ubuntu 13.3.0-6ubuntu2~24.04.1) 13.3.0
Copyright (C) 2023 Free Software Foundation, Inc.
This is free software; see the source for copying conditions.  There is NO
warranty; not even for MERCHANTABILITY or FITNESS FOR A PARTICULAR PURPOSE.

configure:3162: $? = 0
configure:3151: gcc -v >&5
Using built-in specs.
COLLECT_GCC=gcc
COLLECT_LTO_WRAPPER=/usr/libexec/gcc/x86_64-linux-gnu/13/lto-wrapper
OFFLOAD_TARGET_NAMES=nvptx-none:amdgcn-amdhsa
OFFLOAD_TARGET_DEFAULT=1
Target: x86_64-linux-gnu
Configured with: ../src/configure -v --with-pkgversion='Ubuntu 13.3.0-6ubuntu2~24.04.1' --with-bugurl=file:///usr/share/doc/gcc-13/README.Bugs --enable-languages=c,ada,c++,go,d,fortran,objc,obj-c++,m2 --prefix=/usr --with-gcc-major-version-only --program-suffix=-13 --program-prefix=x86_64-linux-gnu- --enable-shared --enable-linker-build-id --libexecdir=/usr/libexec --without-included-gettext --enable-threads=posix --libdir=/usr/lib --enable-nls --enable-bootstrap --enable-clocale=gnu --enable-libstdcxx-debug --enable-libstdcxx-time=yes --with-default-libstdcxx-abi=new --enable-libstdcxx-backtrace --enable-gnu-unique-object --disable-vtable-verify --enable-plugin --enable-default-pie --with-system-zlib --enable-libphobos-checking=release --with-target-system-zlib=auto --enable-objc-gc=auto --enable-multiarch --disable-werror --enable-cet --with-arch-32=i686 --with-abi=m64 --with-multilib-list=m32,m64,mx32 --enable-multilib --with-tune=generic --enable-offload-targets=nvptx-none=/build/gcc-13-EldibY/gcc-13-13.3.0/debian/tmp-nvptx/usr,amdgcn-amdhsa=/build/gcc-13-EldibY/gcc-13-13.3.0/debian/tmp-gcn/usr --enable-offload-defaulted --without-cuda-driver --enable-checking=release --build=x86_64-linux-gnu --host=x86_64-linux-gnu --target=x86_64-linux-gnu --with-build-config=bootstrap-lto-lean --enable-link-serialization=2
Thread model: posix
Supported LTO compression algorithms: zlib zstd
gcc version 13.3.0 (Ubuntu 13.3.0-6ubuntu2~24.04.1) 
... rest of stderr output deleted ...
configure:3162: $? = 0
configure:3151: gcc -V >&5
gcc: error: unrecognized command-line option '-V'
gcc: fatal error: no input files
compilation terminated.
configure:3162: $? = 1
configure:3151: gcc -qversion >&5
gcc: error: unrecognized command-line option '-qversion'; did you mean '--version'?
gcc: fatal error: no input files
compilation terminated.
configure:3162: $? = 1
configure:3151: gcc -version >&5
gcc: error: unrecognized command-line option '-version'
gcc: fatal error: no input files
compilation terminated.
configure:3162: $? = 1
configure:3182: checking whether the C compiler works
configure:3204: gcc    conftest.c  >&5
configure:3208: $? = 0
configure:3258: result: yes
configure:3261: checking for C compiler default output file name
configure:3263: result: a.out
configure:3269: checking for suffix of executables
configure:3276: gcc -o conftest    conftest.c  >&5
configure:3280: $? = 0
configure:3303: result: 
configure:3325: checking whether we are cross compiling
configure:3333: gcc -o conftest    conftest.c  >&5
configure:3337: $? = 0
configure:3344: ./conftest
configure:3348: $? = 0
configure:3363: result: no
configure:3368: checking for suffix of object files
configure:3391: gcc -c   conftest.c >&5
configure:3395: $? = 0
configure:3417: result: o
configure:3421: checking whether the compiler supports GNU C
configure:3441: gcc -c   conftest.c >&5
configure:3441: $? = 0
configure:3451: result: yes
configure:3462: checking whether gcc accepts -g
configure:3483: gcc -c -g  conftest.c >&5
configure:3483: $? = 0
configure:3527: result: yes
configure:3547: checking for gcc option to enable C11 features
configure:3562: gcc  -c -g -O2  conftest.c >&5
configure:3562: $? = 0
configure:3580: result: none needed
configure:3695: checking for stdio.h
configure:3695: gcc -c -g -O2  conftest.c >&5
configure:3695: $? = 0
configure:3695: result: yes
configure:3695: checking for stdlib.h
configure:3695: gcc -c -g -O2  conftest.c >&5
configure:3695: $? = 0
configure:3695: result: yes
configure:3695: checking for string.h
configure:3695: gcc -c -g -O2  conftest.c >&5
configure:3695: $? = 0
configure:3695: result: yes
configure:3695: checking for inttypes.h
configure:3695: gcc -c -g -O2  conftest.c >&5
configure:3695: $? = 0
configure:3695: result: yes
configure:3695: checking for stdint.h
configure:3695: gcc -c -g -O2  conftest.c >&5
configure:3695: $? = 0
configure:3695: result: yes
configure:3695: checking for strings.h
configure:3695: gcc -c -g -O2  conftest.c >&5
configure:3695: $? = 0
configure:3695: result: yes
configure:3695: checking for sys/stat.h
configure:3695: gcc -c -g -O2  conftest.c >&5
configure:3695: $? = 0
configure:3695: result: yes
configure:3695: checking for sys/types.h
configure:3695: gcc -c -g -O2  conftest.c >&5
configure:3695: $? = 0
configure:3695: result: yes
configure:3695: checking for unistd.h
configure:3695: gcc -c -g -O2  conftest.c >&5
configure:3695: $? = 0
configure:3695: result: yes
configure:3724: checking size of long
configure:3730: gcc -o conftest -g -O2   conftest.c  >&5
configure:3730: $? = 0
configure:3730: ./conftest
configure:3730: $? = 0
configure:3745: result: 8
configure:3885: checking for C compiler version
configure:3894: gcc --version >&5
gcc (Ubuntu 13.3.0-6ubuntu2~24.04.1) 13.3.0
Copyright (C) 2023 Free Software Foundation, Inc.
This is free software; see the source for copying conditions.  There is NO
warranty; not even for MERCHANTABILITY or FITNESS FOR A PARTICULAR PURPOSE.

configure:3905: $? = 0
configure:3894: gcc -v >&5
Using built-in specs.
COLLECT_GCC=gcc
COLLECT_LTO_WRAPPER=/usr/libexec/gcc/x86_64-linux-gnu/13/lto-wrapper
OFFLOAD_TARGET_NAMES=nvptx-none:amdgcn-amdhsa
OFFLOAD_TARGET_DEFAULT=1
Target: x86_64-linux-gnu
Configured with: ../src/configure -v --with-pkgversion='Ubuntu 13.3.0-6ubuntu2~24.04.1' --with-bugurl=file:///usr/share/doc/gcc-13/README.Bugs --enable-languages=c,ada,c++,go,d,fortran,objc,obj-c++,m2 --prefix=/usr --with-gcc-major-version-only --program-suffix=-13 --program-prefix=x86_64-linux-gnu- --enable-shared --enable-linker-build-id --libexecdir=/usr/libexec --without-included-gettext --enable-threads=posix --libdir=/usr/lib --enable-nls --enable-bootstrap --enable-clocale=gnu --enable-libstdcxx-debug --enable-libstdcxx-time=yes --with-default-libstdcxx-abi=new --enable-libstdcxx-backtrace --enable-gnu-unique-object --disable-vtable-verify --enable-plugin --enable-default-pie --with-system-zlib --enable-libphobos-checking=release --with-target-system-zlib=auto --enable-objc-gc=auto --enable-multiarch --disable-werror --enable-cet --with-arch-32=i686 --with-abi=m64 --with-multilib-list=m32,m64,mx32 --enable-multilib --with-tune=generic --enable-offload-targets=nvptx-none=/build/gcc-13-EldibY/gcc-13-13.3.0/debian/tmp-nvptx/usr,amdgcn-amdhsa=/build/gcc-13-EldibY/gcc-13-13.3.0/debian/tmp-gcn/usr --enable-offload-defaulted --without-cuda-driver --enable-checking=release --build=x86_64-linux-gnu --host=x86_64-linux-gnu --target=x86_64-linux-gnu --with-build-config=bootstrap-lto-lean --enable-link-serialization=2
Thread model: posix
Supported LTO compression algorithms: zlib zstd
gcc version 13.3.0 (Ubuntu 13.3.0-6ubuntu2~24.04.1) 
... rest of stderr output deleted ...
configure:3905: $? = 0
configure:3894: gcc -V >&5
gcc: error: unrecognized command-line option '-V'
gcc: fatal error: no input files
compilation terminated.
configure:3905: $? = 1
configure:3894: gcc -qversion >&5
gcc: error: unrecognized command-line option '-qversion'; did you mean '--version'?
gcc: fatal error: no input files
compilation terminated.
configure:3905: $? = 1
configure:3894: gcc -version >&5
gcc: error: unrecognized command-line option '-version'
gcc: fatal error: no input files
compilation terminated.
configure:3905: $? = 1
configure:3909: checking whether the compiler supports GNU C
configure:3939: result: yes
configure:3950: checking whether gcc accepts -g
configure:4015: result: yes
configure:4035: checking for gcc option to enable C11 features
configure:4068: result: none needed
configure:4566: checking for gcvt
configure:4566: gcc -o conftest -g -O2   conftest.c  >&5
configure:4566: $? = 0
configure:4566: result: yes
configure:4577: checking for sys/cygwin.h
configure:4577: gcc -c -g -O2  conftest.c >&5
conftest.c:49:10: fatal error: sys/cygwin.h: No such file or directory
   49 | #include <sys/cygwin.h>
      |          ^~~~~~~~~~~~~~
compilation terminated.
configure:4577: $? = 1
configure: failed program was:
| /* confdefs.h */
| #define PACKAGE_NAME ""
| #define PACKAGE_TARNAME ""
| #define PACKAGE_VERSION ""
| #define PACKAGE_STRING ""
| #define PACKAGE_BUGREPORT ""
| #define PACKAGE_URL ""
| #define HAVE_STDIO_H 1
| #define HAVE_STDLIB_H 1
| #define HAVE_STRING_H 1
| #define HAVE_INTTYPES_H 1
| #define HAVE_STDINT_H 1
| #define HAVE_STRINGS_H 1
| #define HAVE_SYS_STAT_H 1
| #define HAVE_SYS_TYPES_H 1
| #define HAVE_UNISTD_H 1
| #define STDC_HEADERS 1
| #define SIZEOF_LONG 8
| #define HAVE_GCVT YES
| /* end confdefs.h.  */
| #include <stddef.h>
| #ifdef HAVE_STDIO_H
| # include <stdio.h>
| #endif
| #ifdef HAVE_STDLIB_H
| # include <stdlib.h>
| #endif
| #ifdef HAVE_STRING_H
| # include <string.h>
| #endif
| #ifdef HAVE_INTTYPES_H
| # include <inttypes.h>
| #endif
| #ifdef HAVE_STDINT_H
| # include <stdint.h>
| #endif
| #ifdef HAVE_STRINGS_H
| # include <strings.h>
| #endif
| #ifdef HAVE_SYS_TYPES_H
| # include <sys/types.h>
| #endif
| #ifdef HAVE_SYS_STAT_H
| # include <sys/stat.h>
| #endif
| #ifdef HAVE_UNISTD_H
| # include <unistd.h>
| #endif
| #include <sys/cygwin.h>
configure:4577: result: no
configure:4612: checking for readline/readline.h
configure:4612: gcc -c -g -O2  conftest.c >&5
configure:4612: $? = 0
configure:4612: result: yes
configure:4622: checking for unistd.h
configure:4622: result: yes
configure:4633: checking for ftello in -lc
configure:4656: gcc -o conftest -g -O2   conftest.c -lc   >&5
conftest.c:20: warning: "HAVE_UNISTD_H" redefined
   20 | #define HAVE_UNISTD_H YES
      | 
conftest.c:16: note: this is the location of the previous definition
   16 | #define HAVE_UNISTD_H 1
      | 
configure:4656: $? = 0
configure:4666: result: yes
configure:4679: checking for fseeko in -lc
configure:4702: gcc -o conftest -g -O2   conftest.c -lc   >&5
conftest.c:20: warning: "HAVE_UNISTD_H" redefined
   20 | #define HAVE_UNISTD_H YES
      | 
conftest.c:16: note: this is the location of the previous definition
   16 | #define HAVE_UNISTD_H 1
      | 
configure:4702: $? = 0
configure:4712: result: yes
configure:4725: checking for log2 in -lm
configure:4748: gcc -o conftest -g -O2   conftest.c -lm   >&5
conftest.c:20: warning: "HAVE_UNISTD_H" redefined
   20 | #define HAVE_UNISTD_H YES
      | 
conftest.c:16: note: this is the location of the previous definition
   16 | #define HAVE_UNISTD_H 1
      | 
conftest.c:29:6: warning: conflicting types for built-in function 'log2'; expected 'double(double)' [-Wbuiltin-declaration-mismatch]
   29 | char log2 ();
      |      ^~~~
conftest.c:1:1: note: 'log2' is declared in header '<math.h>'
    1 | /* confdefs.h */
configure:4748: $? = 0
configure:4758: result: yes
configure:4800: result: prefix defined as: /home/okane/Desktop/mumps/Mumps-Language-Processors/Mumps-Interpreter-Compiler-Library/local_install
configure:5179: creating ./config.status

## ---------------------- ##
## Running config.status. ##
## ---------------------- ##

This file was extended by config.status, which was
generated by GNU Autoconf 2.71.  Invocation command line was

  CONFIG_FILES    = 
  CONFIG_HEADERS  = 
  CONFIG_LINKS    = 
  CONFIG_COMMANDS = 
  $ ./config.status 

on mint22

config.status:903: creating final.script
config.status:903: creating compiler-mumps.c
config.status:903: creating compiler-sys1.c
config.status:903: creating interp-sym.cpp
config.status:903: creating interp-piece.cpp
config.status:903: creating interp-fcn.cpp
config.status:903: creating interp-select.cpp
config.status:903: creating interp-fnumber.cpp
config.status:903: creating interp-service.cpp
config.status:903: creating interp-arith.cpp
config.status:903: creating interp-globalb.cpp
config.status:903: creating libmpscpp.cpp
config.status:903: creating interp-sysfunc.cpp
config.status:903: creating Makefile
config.status:903: creating mumpsc
config.status:903: creating interp-interp.cpp
config.status:903: creating interp-parse.cpp
config.status:903: creating interp-native-btree.cpp
config.status:903: creating interp-sql.cpp
config.status:903: creating interp-zfcns.cpp
config.status:903: creating mumps.cpp
config.status:903: creating mumps-sql-db-create
config.status:903: creating include/mumpsc/numSetup.h
config.status:903: creating include/mumpsc/btree.h
config.status:903: creating include/mumpsc/sysparms.h
config.status:903: creating include/mumpsc/strmax.h
config.status:903: creating include/mumpsc/memsize.h
config.status:903: creating include/mumpsc/arith.h
config.status:903: creating include/mumpsc/libmpscpp.h
config.status:903: creating include/mumpsc/stateVector.h
config.status:903: creating include/mumpsc/globalOrder.h
config.status:903: creating include/mumpsc/keyfix.h
config.status:903: creating include/mumpsc/defines.h
config.status:903: creating include/mumpsc/inline.h
config.status:903: creating compiler-epi.c
config.status:903: creating compiler-fcninit.c
config.status:903: creating include/mumpsc/config.h
config.status:1073: include/mumpsc/config.h is unchanged

## ---------------- ##
## Cache variables. ##
## ---------------- ##

ac_cv_c_compiler_gnu=yes
ac_cv_env_CC_set=
ac_cv_env_CC_value=
ac_cv_env_CFLAGS_set=
ac_cv_env_CFLAGS_value=
ac_cv_env_CPPFLAGS_set=
ac_cv_env_CPPFLAGS_value=
ac_cv_env_LDFLAGS_set=
ac_cv_env_LDFLAGS_value=
ac_cv_env_LIBS_set=
ac_cv_env_LIBS_value=
ac_cv_env_build_alias_set=
ac_cv_env_build_alias_value=
ac_cv_env_host_alias_set=
ac_cv_env_host_alias_value=
ac_cv_env_target_alias_set=
ac_cv_env_target_alias_value=
ac_cv_func_gcvt=yes
ac_cv_header_inttypes_h=yes
ac_cv_header_readline_readline_h=yes
ac_cv_header_stdint_h=yes
ac_cv_header_stdio_h=yes
ac_cv_header_stdlib_h=yes
ac_cv_header_string_h=yes
ac_cv_header_strings_h=yes
ac_cv_header_sys_cygwin_h=no
ac_cv_header_sys_stat_h=yes
ac_cv_header_sys_types_h=yes
ac_cv_header_unistd_h=yes
ac_cv_lib_c_fseeko=yes
ac_cv_lib_c_ftello=yes
ac_cv_lib_m_log2=yes
ac_cv_objext=o
ac_cv_prog_ac_ct_CC=gcc
ac_cv_prog_cc_c11=
ac_cv_prog_cc_g=yes
ac_cv_prog_cc_stdc=
ac_cv_sizeof_long=8

## ----------------- ##
## Output variables. ##
## ----------------- ##

CC='gcc'
CFLAGS='-g -O2'
CPPFLAGS=''
DEFS='-DHAVE_CONFIG_H'
ECHO_C=''
ECHO_N='-n'
ECHO_T=''
EXEEXT=''
LDFLAGS=''
LIB='lib'
LIBOBJS=''
LIBS=''
LONG='int'
LTLIBOBJS=''
OBJEXT='o'
PACKAGE_BUGREPORT=''
PACKAGE_NAME=''
PACKAGE_STRING=''
PACKAGE_TARNAME=''
PACKAGE_URL=''
PACKAGE_VERSION=''
PATH_SEPARATOR=':'
SHELL='/bin/bash'
ac_ct_CC='gcc'
adsize='8'
alarm='0'
allow_pgsql='0'
bin_install='-s'
bindir='${exec_prefix}/bin'
block='2048'
build_alias=''
cache='65537'
client1=''
client=''
cygext=''
cygwin=''
cygwinrename=''
data_size='512'
database_server='sql'
datadir='${datarootdir}'
datarootdir='${prefix}/share'
dbfile='mumps.sqlite'
dbname='mumps'
dbtype='#define SQLITE'
docdir='${datarootdir}/doc/${PACKAGE}'
dosprefix='c:\mumpsc'
dvidir='${docdir}'
exec_prefix='${prefix}'
file64='-D_FILE_OFFSET_BITS=64 -D_LARGEFILE_SOURCE'
floatSize=''
fp_bits='72'
fp_digits='8'
fseeko='fseeko'
ftello='ftello'
gbllib='mpsglobal_native'
glib_include=''
glib_libs=''
hardwareMath='yes'
host='localhost'
host_alias=''
htmldir='${docdir}'
ibuf='32000'
includedir='${prefix}/include'
index_max='14'
index_size='256'
indexsize=''
infodir='${datarootdir}/info'
intFmt='d'
intLong='#define intLong'
intSize='int'
interpmod='mumps.cpp'
iomod=''
journal_mode='OFF'
libdir='${exec_prefix}/lib'
libexecdir='${exec_prefix}/libexec'
locale='en_US.UTF-8'
localedir='${datarootdir}/locale'
localstatedir='${prefix}/var'
log2='log2'
mandir='${datarootdir}/man'
mathLink=''
maxglobal='256'
memory_database='0'
mode='-m 755'
mumps_version='mumps-sqlite3'
oldincludedir='/usr/include'
optdb='-falign-functions  -falign-jumps -falign-labels  -falign-loops -fauto-inc-dec -fbranch-count-reg -fcaller-saves -fcode-hoisting -fcombine-stack-adjustments -fcompare-elim -fcprop-registers -fcrossjumping -fcse-follow-jumps  -fcse-skip-blocks -fdce -fdefer-pop -fdelete-null-pointer-checks -fdevirtualize  -fdevirtualize-speculatively  -fdse -fforward-propagate -ffinite-loops -fgcse -fgcse-lm -fhoist-adjacent-loads -fif-conversion -fif-conversion2 -finline-functions -finline-functions-called-once -finline-small-functions -fipa-modref -fipa-profile -fipa-pure-const -fipa-reference -fipa-reference-addressable -fmerge-constants -fmove-loop-invariants -fomit-frame-pointer -freorder-blocks -fshrink-wrap -fshrink-wrap-separate -fsplit-wide-types -fssa-backprop -fssa-phiopt -ftree-bit-ccp -ftree-ccp -ftree-ch -ftree-coalesce-vars -ftree-copy-prop -ftree-dce -ftree-dominator-opts -ftree-dse -ftree-forwprop -ftree-fre -ftree-phiprop -ftree-pta -ftree-scev-cprop -ftree-sink -ftree-slsr -ftree-sra -ftree-ter -funit-at-a-time '
optmain=' -Ofast '
passwd=''
pattern_match='rpm'
pdfdir='${docdir}'
pginclude='yes'
port='0'
prefix='/home/okane/Desktop/mumps/Mumps-Language-Processors/Mumps-Interpreter-Compiler-Library/local_install'
profile=''
program_transform_name='s,x,x,'
psdir='${docdir}'
readonly=''
runstatedir='${localstatedir}/run'
sbindir='${exec_prefix}/sbin'
shared=''
sharedstatedir='${prefix}/com'
slice='0'
socket=''
sqlite_cflags='-fno-strict-aliasing -g -DNDEBUG -L/usr/lib/x86_64-linux-gnu -lsqlite3 -ldl -lpthread -lm '
sqlite_cppflags='-fno-strict-aliasing -g -DNDEBUG -L/usr/lib/x86_64-linux-gnu -lsqlite3 -ldl -lpthread -lm '
str_max='32000'
sysconfdir='${prefix}/etc'
tablename='mumps'
target_alias=''
terminate_on_error=''
today='Sun Mar  8 20:00:32 EDT 2026'
use_sql='-DSQLITE'
user='mumps'

## ----------- ##
## confdefs.h. ##
## ----------- ##

/* confdefs.h */
#define PACKAGE_NAME ""
#define PACKAGE_TARNAME ""
#define PACKAGE_VERSION ""
#define PACKAGE_STRING ""
#define PACKAGE_BUGREPORT ""
#define PACKAGE_URL ""
#define HAVE_STDIO_H 1
#define HAVE_STDLIB_H 1
#define HAVE_STRING_H 1
#define HAVE_INTTYPES_H 1
#define HAVE_STDINT_H 1
#define HAVE_STRINGS_H 1
#define HAVE_SYS_STAT_H 1
#define HAVE_SYS_TYPES_H 1
#define HAVE_UNISTD_H 1
#define STDC_HEADERS 1
#define SIZEOF_LONG 8
#define HAVE_GCVT YES
#define HAVE_UNISTD_H YES
#define HAVE_UNISTD_H YES
#define HAVE_ftello 1
#define HAVE_fseeko 1
#define HAVE_log2 1
#define HAVE_HARDWARE_MATH 1

configure: exit 0
